{
    "samples": [
        {
            "apiHost": {
                "ipv4": "0.0.71.154",
                "tag": "IPv4"
            },
            "apiPort": 27101,
            "chainConfig": {
                "cardanoSigningKey": "a.sk",
                "cardanoVerificationKeys": [
                    "c.vk",
                    "c.vk",
                    "c/a.vk"
                ],
                "contestationPeriod": 604800,
                "hydraScriptsTxId": [
                    "159a5b2af9fbb80323578c4bde54d4a3832de3fa76e7d63413e502a21215c5a0",
                    "b238e2db62d9b3eee51e389c6e1e085be30deb60f1acc930b75162280e3e4153",
                    "89dc23fe5d03c76d78b5c38a34da7ca7372e9f33733110e558c02b844f4e9e5f",
                    "40de3db2aa398932a3d3e6b513d76f05602417f40797b0c934992e822c109b9f",
                    "4baa3abc914b5785ed2fb286f40918c6e74e6776beffdd0b05ae6acb691b589d",
                    "3175134cd95bcfa4fbc583ba218af00841d66755ae4fa7b6a37ce8ed564608e0",
                    "3edf8fdca40f207e96c50a003ff5f6cb0268b343b865e2eb29d0f873f91a8b1d",
                    "25431cbcfec65f9f428a997c04902086da6ffcec4550c69543aa4ecba8f78085",
                    "aeb514309fddd4a12fb7e1abd8cf9de9baf03b11accc126f1c57c27b91e9d453",
                    "9c3c3660273dd7a7eafe599253319b7a4d255b94e8d80c987de8e38b14911364",
                    "d517aba0b914312a95673f74b8c8aa2e00cbf557c4a7378c645b7faece56ffea",
                    "7f886626751913f7f50fb73fc0fcb3dc01003e9203b7d8a07b4e1917873684a9",
                    "758ca963dc9d47a915bcb3a3bc2772654685cad395a92a344962f09c1ec505d2",
                    "9944994ec23c5aed57b7025c7929b54c2c844aec85af587372fe3cbe099f1190",
                    "74d44ab6316ebbd05ddc903946eed8ac7b6f928f67b89fd4e8c465b74bd0c78e",
                    "acd85efdf5ceffe3b78eb749bd25739f33c24635bb24012704240fcefabbedf6",
                    "216af10ab181c53666d0885e0fbb70659d84e1e29b118d594427eb340257e9ed",
                    "c2e3288d002f7f5a8d4a978d22fce25a48dd8b2dc835ab19d56021cb00ab30ff",
                    "0c5382c432aa5385bcd67949a9a499e68606170efac9b553f54eb0df41fe7840",
                    "c55298ebb626e436d83ca4829e7b8a1da073fb858351a63b1c5d7c8cf1e682b0",
                    "5f262cb18105cf39529ddfbcc79608e9d0df5a31ae68af1a26eb34e4794bca9f"
                ],
                "networkId": {
                    "magic": 24179,
                    "tag": "Testnet"
                },
                "nodeSocket": "c/b/c/c/a.socket",
                "startChainFrom": {
                    "blockHash": "8b0e8d8ffb2521dacbd5f0c046a0a82c9b1df116682cdefb78eac73832f6f056",
                    "slot": 3087923,
                    "tag": "ChainPoint"
                },
                "tag": "DirectChainConfig"
            },
            "host": {
                "ipv4": "0.0.98.178",
                "tag": "IPv4"
            },
            "hydraSigningKey": "c/b/c.sk",
            "hydraVerificationKeys": [],
            "ledgerConfig": {
                "cardanoLedgerProtocolParametersFile": "b/c/b/c/c/c.json"
            },
            "monitoringPort": null,
            "nodeId": "flqnvew",
            "peers": [
                {
                    "hostname": "0.0.0.7",
                    "port": 7
                },
                {
                    "hostname": "0.0.0.8",
                    "port": 3
                }
            ],
            "persistenceDir": "a/a/c/a/b",
            "port": 20902,
            "tlsCertPath": "a.pem",
            "tlsKeyPath": null,
            "verbosity": {
                "tag": "Quiet"
            }
        },
        {
            "apiHost": {
                "ipv4": "0.0.41.11",
                "tag": "IPv4"
            },
            "apiPort": 29916,
            "chainConfig": {
                "cardanoSigningKey": "b/c.sk",
                "cardanoVerificationKeys": [
                    "a/c/c.vk",
                    "a/a/a.vk",
                    "b/b.vk"
                ],
                "contestationPeriod": 22199,
                "hydraScriptsTxId": [
                    "81fa8db9191d373ae18365e336a624348e9f9d1e658958eb11c14e307f24f574",
                    "2e91f97f9f0c86e73befb28e557fe2e085164a3ba3c365f661cb8897b63e34bc",
                    "b2392fbd8d00ff89149e9463e7efc1da3a115099ef310bf63fa2a825934d0918",
                    "5448abf797b1f26574cd2cc77678e831a8173cb463e0a80eed8c313387d6d6e1",
                    "b76e2cf777b1c9e2f924c2af6ef76b966ac14c52edf4696fc514a84e8bd36699",
                    "1d36e00d6c406e6883e5e2558e0eda9ebcc8257f11cc06d81f667c7a66af44d8",
                    "bedc9cbea512eaee9f263bb61ee11dab167c3ac1f126ea5fd3cfac7ae438caba",
                    "5907284ac448a8892519bf4b41d853c297eaf8d4211d3fd4b2ab9c6f00a943e7",
                    "fdfb7ac7984e6ce1efe424d6e98d7ea0e4ee4336ac6ea6a01725b3b4a0dcb3e4",
                    "1138812a7dd2f0cd426fd2714007792545c8858bc6b3ae0a0652fe5c06259964",
                    "cd40b0f14e58d73f6e21e4f9546a66d6620966c8607775f869f2d32987013f9c",
                    "f44408b6b7f683e31c6337286e384b7e458493f7577f3b9a516dccfbd2ae930c",
                    "bfa87a8b4d01b38347c870837fa493be273726c8baba9eb208ec43b01ee9d4e5",
                    "8822ef96aa7917a51d90c113a80fae2c38af53daee082ae18af0d1654d53e118",
                    "8216116aa34877e5d4cee5f13d269b76ea29af2f2855d7c3fa34adca704fb6f2",
                    "9ba54719fa0403c9f273a7f83fb1a82c1ef9305e6ea1639977540193e2190af7",
                    "27f0acc7e5966ffd5ebc50e8c736912aad2554e9ffe3c1c8d6b86d36a5b25273",
                    "efc742a73ceaf7f74edf26203b96d82beeec0eaf448b4aa40024377b9b7bda50",
                    "622d0b7298b66fd59a543bd2ddf486e000bfe079f77ba8379c0eccb04b9df22d",
                    "3c9c4855ce2cdf31f9b97b2e86ada938675646f1fc279506e9044126bb47c51f",
                    "078d39aec931b9256bebe5ce9ac3cde98b7baf528788c45e874ae14ce5704ea5"
                ],
                "networkId": {
                    "magic": 2827,
                    "tag": "Testnet"
                },
                "nodeSocket": "a/c/b/a/b/c.socket",
                "startChainFrom": null,
                "tag": "DirectChainConfig"
            },
            "host": {
                "ipv4": "0.0.55.174",
                "tag": "IPv4"
            },
            "hydraSigningKey": "b/b/b.sk",
            "hydraVerificationKeys": [
                "c/b.vk",
                "a.vk"
            ],
            "ledgerConfig": {
                "cardanoLedgerProtocolParametersFile": "b/a.json"
            },
            "monitoringPort": 16436,
            "nodeId": "x",
            "peers": [
                {
                    "hostname": "0.0.0.6",
                    "port": 5
                },
                {
                    "hostname": "0.0.0.6",
                    "port": 3
                },
                {
                    "hostname": "0.0.0.5",
                    "port": 0
                },
                {
                    "hostname": "0.0.0.6",
                    "port": 5
                },
                {
                    "hostname": "0.0.0.3",
                    "port": 8
                }
            ],
            "persistenceDir": "c/a/b/a/a",
            "port": 12209,
            "tlsCertPath": null,
            "tlsKeyPath": "c.key",
            "verbosity": {
                "tag": "Quiet"
            }
        },
        {
            "apiHost": {
                "ipv4": "0.0.22.153",
                "tag": "IPv4"
            },
            "apiPort": 30730,
            "chainConfig": {
                "initialUTxOFile": "b.json",
                "ledgerGenesisFile": null,
                "tag": "OfflineChainConfig"
            },
            "host": {
                "ipv4": "0.0.73.51",
                "tag": "IPv4"
            },
            "hydraSigningKey": "b/c/b/a/a/a.sk",
            "hydraVerificationKeys": [],
            "ledgerConfig": {
                "cardanoLedgerProtocolParametersFile": "a/b/c/b/a/b.json"
            },
            "monitoringPort": 19090,
            "nodeId": "jxzxilhndoiul",
            "peers": [
                {
                    "hostname": "0.0.0.2",
                    "port": 0
                },
                {
                    "hostname": "0.0.0.4",
                    "port": 5
                },
                {
                    "hostname": "0.0.0.7",
                    "port": 3
                },
                {
                    "hostname": "0.0.0.1",
                    "port": 8
                },
                {
                    "hostname": "0.0.0.7",
                    "port": 7
                },
                {
                    "hostname": "0.0.0.5",
                    "port": 8
                }
            ],
            "persistenceDir": "a/b/b",
            "port": 32475,
            "tlsCertPath": null,
            "tlsKeyPath": "c/a/a/a.key",
            "verbosity": {
                "tag": "Quiet"
            }
        },
        {
            "apiHost": {
                "ipv4": "0.0.96.38",
                "tag": "IPv4"
            },
            "apiPort": 26043,
            "chainConfig": {
                "cardanoSigningKey": "c/a/b/b.sk",
                "cardanoVerificationKeys": [
                    "c/c/b.vk",
                    "c/c.vk"
                ],
                "contestationPeriod": 86400,
                "hydraScriptsTxId": [
                    "d02b29d8f41efd55d6e5eeedcc2c3b580ce9d1ed068b2bf3aac3fb86f528dce7",
                    "f65dd75f4c7ed96d2d15dace0ee85fffcc345379a3d84fcd31e5e02c6bc8b22f",
                    "c49d45d04e9c7bb11493915aa27e19e0816312959d152df3c26ef87ec4de9459",
                    "99eeae2d2166a55ba0bf64cedd88c89bd7099971667d88d4a579b88fdba20e9c",
                    "e469f3b8bee069a230dd9b2421e504679e38b59baddf1f4e06a0353e28215063",
                    "2bf145ed0e399b82d4f4f1a766ad07225646a3d0f712b7e1738f892045b6e5d2",
                    "0e4617a0f516d6e5900349cce2897ab4d648c6b423b403613754b240cf032a8e",
                    "4bad8b12926bbddd0e3450e764b413ec1c9a901633bdebf3267dffafe775099c",
                    "4f1101398700312432decb8e93763aa354f7cb4332e38d3e781c0b0839c8f3c9",
                    "1141727ea3f17a710db8b960a2bf535accf64dac0c18b858634fc12ee86255e4",
                    "6a54fd0729dd8607382377300ee17e10e9f3f7d83422fc248f39ab6fc1d9e829",
                    "f56ecce14e58ae32f8147301bf295399d9457e18c265328572082a8918b2cc9f",
                    "74d6ebdcbf74c812bceb4fc97e808d9032f0dfb6b071caa521eb6ae69ab91e8d",
                    "7348bc39d7b0fdf18209b1baed7268a0f7424b72c5af0ff24e61b73df25fd653",
                    "8d743db486e2af8423c27b253f7b1751c5fc5b19d87027a1d66ac5bd35266247",
                    "2ad786cc4b8e2cab77cfdc79c67235992ba32aa0a641034070c5fb995b89b359",
                    "64c2000f489ff3f8e92e726385c697703554b11f4dc817323ad656d6b0da780c",
                    "d8635aa49efc4a64b5963702005bc9dbca24124ff30cf9bf1d0daec91a6bf2b5",
                    "674426b7468faa6eebb9cc46b509ab8714a88d835ba845b015fcbec68d2163ef",
                    "d53d26878854f749eefe83a8f539e51991b8fd843b09c25975c55ad2ac577bc1",
                    "7fccad6a8e630784b52872922e616ede310d49b980309a8aabefd946a421b46e",
                    "8723bde72d91f5d986c1055ebe4ff9469f1b75b579fe67e66f06a4fca64a3b16",
                    "8a31d2de945000e7419f6338463bacf679e75503ba44cf753d23d3947efe4a30",
                    "ba4aec4ba004a3c066a8b11d3764f4fbcc4fe5bf3214da558624376a953ded75"
                ],
                "networkId": {
                    "magic": 323,
                    "tag": "Testnet"
                },
                "nodeSocket": "b/a/c/a/a/c.socket",
                "startChainFrom": {
                    "blockHash": "08f48a0fe4f27418962d56d66fa2cacd4c90b3d9425f2ee8a74512e80a047116",
                    "slot": 8115413,
                    "tag": "ChainPoint"
                },
                "tag": "DirectChainConfig"
            },
            "host": {
                "ipv4": "0.0.108.221",
                "tag": "IPv4"
            },
            "hydraSigningKey": "c/a/c/c.sk",
            "hydraVerificationKeys": [],
            "ledgerConfig": {
                "cardanoLedgerProtocolParametersFile": "a/c/b.json"
            },
            "monitoringPort": 21340,
            "nodeId": "aqwnd",
            "peers": [
                {
                    "hostname": "0.0.0.6",
                    "port": 7
                },
                {
                    "hostname": "0.0.0.6",
                    "port": 6
                }
            ],
            "persistenceDir": "a/a/b",
            "port": 3472,
            "tlsCertPath": "b.pem",
            "tlsKeyPath": null,
            "verbosity": {
                "contents": "HydraNode",
                "tag": "Verbose"
            }
        },
        {
            "apiHost": {
                "ipv4": "0.0.42.73",
                "tag": "IPv4"
            },
            "apiPort": 26508,
            "chainConfig": {
                "cardanoSigningKey": "a/c.sk",
                "cardanoVerificationKeys": [
                    "b/a/b.vk",
                    "c.vk",
                    "b/b/c.vk"
                ],
                "contestationPeriod": 604800,
                "hydraScriptsTxId": [
                    "c4d1c14873a873283cbd963c9dbfa26a66284665e32c9f743e4776394f44527d",
                    "df215eb73f3d890929dbf32f8b4fb98309b0f46d3b2d749030cf96ae879f7618"
                ],
                "networkId": {
                    "magic": 25479,
                    "tag": "Testnet"
                },
                "nodeSocket": "b/b/a.socket",
                "startChainFrom": {
                    "blockHash": "657eb936bba472ad6a957e46dd7a3b42f37a5e041665c67f751b2e09dfa4a722",
                    "slot": 12229570,
                    "tag": "ChainPoint"
                },
                "tag": "DirectChainConfig"
            },
            "host": {
                "ipv4": "0.0.113.65",
                "tag": "IPv4"
            },
            "hydraSigningKey": "b/a/a/a/a/b.sk",
            "hydraVerificationKeys": [
                "c/a/a.vk",
                "c/a/c.vk",
                "b/c.vk",
                "b.vk",
                "c.vk"
            ],
            "ledgerConfig": {
                "cardanoLedgerProtocolParametersFile": "c/b/c/c/b/a.json"
            },
            "monitoringPort": 2403,
            "nodeId": "xabocznulhbocuhrkhwze",
            "peers": [],
            "persistenceDir": "c/a/b/a/c/c",
            "port": 24982,
            "tlsCertPath": null,
            "tlsKeyPath": "c/c.key",
            "verbosity": {
                "contents": "HydraNode",
                "tag": "Verbose"
            }
        }
    ],
    "seed": 1592885563
}